C51 COMPILER V9.59.0.0   ENCODER                                                           04/11/2021 12:19:06 PAGE 1   


C51 COMPILER V9.59.0.0, COMPILATION OF MODULE ENCODER
OBJECT MODULE PLACED IN .\Objects\encoder.obj
COMPILER INVOKED BY: C:\Keil_v5\C51\BIN\C51.EXE Core\Src\encoder.c LARGE OPTIMIZE(8,SPEED) BROWSE INCDIR(.\Core\Inc) DEB
                    -UG OBJECTEXTEND PRINT(.\Listings\encoder.lst) OBJECT(.\Objects\encoder.obj)

line level    source

   1          /**
   2           ******************************************************************************
   3           * @file    encoder.c
   4           * @author  sky-vocality
   5           * @version V1.0.0
   6           * @date    25-January-2021
   7           * @brief  This file is used for processing encoder data
   8           * @License:GNU General Public License v3.0         
   9           ******************************************************************************
  10           * @attention
  11           * 
  12           * 
  13           * 
  14           * 
  15           * 
  16           * 
  17           * 
  18           * 
  19           ******************************************************************************
  20          **/
  21          
  22          #include "encoder.h"
  23          
  24          unsigned char   ENC_Inilize(unsigned char EXT, ENC_InitTypeDef *INTx)
  25          {
  26   1              EXTI_InitTypeDef EXTI_InitTypeDef;
  27   1              EXTI_InitTypeDef.EXTI_Mode = INTx->ENC_Mode;//上升沿中断
  28   1              EXTI_InitTypeDef.EXTI_Polity = INTx->ENC_Polity;//高优先级
  29   1              EXTI_InitTypeDef.EXTI_Interrupt = INTx->ENC_Interrupt;//使能
  30   1              return Ext_Inilize(EXT,&EXTI_InitTypeDef);//完成配置
  31   1      }
  32          
  33          void ENC_EXT_init()
  34          {
  35   1              ENC_InitTypeDef ENC_InitTypeDef;
  36   1              ENC_InitTypeDef.ENC_Mode = ENC_MODE_RiseFall;
  37   1              ENC_InitTypeDef.ENC_Polity = PolityHigh;
  38   1              ENC_InitTypeDef.ENC_Interrupt = ENABLE;
  39   1              ENC_Inilize(EXT_INT0,&ENC_InitTypeDef);
  40   1      }


MODULE INFORMATION:   STATIC OVERLAYABLE
   CODE SIZE        =     56    ----
   CONSTANT SIZE    =   ----    ----
   XDATA SIZE       =   ----       6
   PDATA SIZE       =   ----    ----
   DATA SIZE        =   ----    ----
   IDATA SIZE       =   ----    ----
   BIT SIZE         =   ----    ----
END OF MODULE INFORMATION.


C51 COMPILATION COMPLETE.  0 WARNING(S),  0 ERROR(S)
