C51 COMPILER V9.59.0.0   MAIN                                                              03/08/2021 16:39:17 PAGE 1   


C51 COMPILER V9.59.0.0, COMPILATION OF MODULE MAIN
OBJECT MODULE PLACED IN .\Objects\main.obj
COMPILER INVOKED BY: C:\Keil_v5\C51\BIN\C51.EXE main.c LARGE OPTIMIZE(8,SPEED) BROWSE INCDIR(.\Core\Inc) DEBUG OBJECTEXT
                    -END PRINT(.\Listings\main.lst) OBJECT(.\Objects\main.obj)

line level    source

   1          #include "uart.h"
   2          #include "pwm.h"
   3          #include "delay.h"
   4          #include "pid.h"
   5          #include "encoder.h"
   6          #include "adc.h"
   7          
   8          //double Roll = 0;
   9          //int temp = 0;
  10          char kkk[5] = 0;
  11          
  12          int main()
  13          {
  14   1              //double Roll = 0;
  15   1              //int ahh = 0;
  16   1              COMx_InitDefine COMx_InitDefine1;
  17   1              ENC_EXT_init();
  18   1              COMx_InitDefine1.UART_Mode = UART_8bit_BRTx;                    //Pattern|??,         UART_ShiftRight,UART_8bit_BRTx,UART_
             -9bit,UART_9bit_BRTx
  19   1              COMx_InitDefine1.UART_BRT_Use = BRT_Timer1;             //Using baud rate|?????,   BRT_Timer1,BRT_Timer2
  20   1              COMx_InitDefine1.UART_BaudRate = 19200;         //baud rate|???,       ENABLE,DISABLE
  21   1              COMx_InitDefine1.Morecommunicate = ENABLE;      //Multiprocessor Communication Allowance|??????, ENABLE,DISABL
             -E
  22   1              COMx_InitDefine1.UART_RxEnable = ENABLE;                //Allow reception|????,   ENABLE,DISABLE
  23   1              COMx_InitDefine1.BaudRateDouble = DISABLE;              //Baud rate doubled|?????, ENABLE,DISABLE
  24   1              COMx_InitDefine1.UART_Interrupt = ENABLE;               //Interrupt control|????,   ENABLE,DISABLE
  25   1              COMx_InitDefine1.UART_Polity = PolityHigh;              //priority|???,     PolityLow,PolityHigh
  26   1              COMx_InitDefine1.UART_P_SW = UART1_SW_P30_P31;                  //Switch port|????,   UART1_SW_P30_P31,UART1_SW_P36_P37,
             -UART1_SW_P16_P17(????????)
  27   1              USART_Configuration(USART1, &COMx_InitDefine1);
  28   1              while(1)
  29   1              {
  30   2                      Delay_Ms(10);
  31   2                      //jy901_update();
  32   2                      PID_Control(increment, encoder_num, 210, &wheel_pid);
  33   2                      wheel_pwm.PWM_Value = wheel_pid.pid_out;
  34   2                      PWM_Output(PWM_0,&wheel_pwm);
  35   2                      intToString(encoder_num,kkk);
  36   2                      encoder_num = 0;
  37   2                      PrintString1(kkk);
  38   2                      PrintString1(",\r\n");
  39   2                      //kkkkk = ReceiveByte1();
  40   2                      //PrintString1(RX2_Buffer);
  41   2                      //PrintString1(&kkkkk);
  42   2                      /*
  43   2                      int a;
  44   2                      for(a = 0;a<1000;a++)
  45   2                      {
  46   2                              PWM_Init.PWM_Value=a;
  47   2                              PWM_Output(PWM_0,&PWM_Init);
  48   2                              intToString(a,acac);
  49   2                              PrintString1(acac);
  50   2                              PrintString1("\r\n");
  51   2                              Delay_Ms(50);
C51 COMPILER V9.59.0.0   MAIN                                                              03/08/2021 16:39:17 PAGE 2   

  52   2                      }
  53   2                      */
  54   2              }
  55   1      }


MODULE INFORMATION:   STATIC OVERLAYABLE
   CODE SIZE        =    181    ----
   CONSTANT SIZE    =      4    ----
   XDATA SIZE       =      5      12
   PDATA SIZE       =   ----    ----
   DATA SIZE        =   ----    ----
   IDATA SIZE       =   ----    ----
   BIT SIZE         =   ----    ----
END OF MODULE INFORMATION.


C51 COMPILATION COMPLETE.  0 WARNING(S),  0 ERROR(S)
